  Determinando os projetos a serem restaurados...
  Todos os projetos est├úo atualizados para restaura├º├úo.
C:\Program Files\dotnet\sdk\10.0.103\Microsoft.Common.CurrentVersion.targets(4903,5): warning MSB3026: n├úo foi poss├¡vel copiar "obj\Debug\net10.0\pwa-camera-poc-api.dll" para "bin\Debug\net10.0\pwa-camera-poc-api.dll". Iniciando nova tentativa 1 em 1000ms. The process cannot access the file 'C:\Users\romulo.costa\.gemini\antigravity\scratch\pwa-camera-poc-api\bin\Debug\net10.0\pwa-camera-poc-api.dll' because it is being used by another process. O arquivo ├® bloqueado por: "netcoredbg.exe (26032), .NET Host (105460)" [C:\Users\romulo.costa\.gemini\antigravity\scratch\pwa-camera-poc-api\pwa-camera-poc-api.csproj]
C:\Program Files\dotnet\sdk\10.0.103\Microsoft.Common.CurrentVersion.targets(4903,5): warning MSB3026: n├úo foi poss├¡vel copiar "obj\Debug\net10.0\pwa-camera-poc-api.dll" para "bin\Debug\net10.0\pwa-camera-poc-api.dll". Iniciando nova tentativa 2 em 1000ms. The process cannot access the file 'C:\Users\romulo.costa\.gemini\antigravity\scratch\pwa-camera-poc-api\bin\Debug\net10.0\pwa-camera-poc-api.dll' because it is being used by another process. O arquivo ├® bloqueado por: "netcoredbg.exe (26032), .NET Host (105460)" [C:\Users\romulo.costa\.gemini\antigravity\scratch\pwa-camera-poc-api\pwa-camera-poc-api.csproj]
C:\Program Files\dotnet\sdk\10.0.103\Microsoft.Common.CurrentVersion.targets(4903,5): warning MSB3026: n├úo foi poss├¡vel copiar "obj\Debug\net10.0\pwa-camera-poc-api.dll" para "bin\Debug\net10.0\pwa-camera-poc-api.dll". Iniciando nova tentativa 3 em 1000ms. The process cannot access the file 'C:\Users\romulo.costa\.gemini\antigravity\scratch\pwa-camera-poc-api\bin\Debug\net10.0\pwa-camera-poc-api.dll' because it is being used by another process. O arquivo ├® bloqueado por: "netcoredbg.exe (26032), .NET Host (105460)" [C:\Users\romulo.costa\.gemini\antigravity\scratch\pwa-camera-poc-api\pwa-camera-poc-api.csproj]
C:\Program Files\dotnet\sdk\10.0.103\Microsoft.Common.CurrentVersion.targets(4903,5): warning MSB3026: n├úo foi poss├¡vel copiar "obj\Debug\net10.0\pwa-camera-poc-api.dll" para "bin\Debug\net10.0\pwa-camera-poc-api.dll". Iniciando nova tentativa 4 em 1000ms. The process cannot access the file 'C:\Users\romulo.costa\.gemini\antigravity\scratch\pwa-camera-poc-api\bin\Debug\net10.0\pwa-camera-poc-api.dll' because it is being used by another process. O arquivo ├® bloqueado por: "netcoredbg.exe (26032), .NET Host (105460)" [C:\Users\romulo.costa\.gemini\antigravity\scratch\pwa-camera-poc-api\pwa-camera-poc-api.csproj]
C:\Program Files\dotnet\sdk\10.0.103\Microsoft.Common.CurrentVersion.targets(4903,5): warning MSB3026: n├úo foi poss├¡vel copiar "obj\Debug\net10.0\pwa-camera-poc-api.dll" para "bin\Debug\net10.0\pwa-camera-poc-api.dll". Iniciando nova tentativa 5 em 1000ms. The process cannot access the file 'C:\Users\romulo.costa\.gemini\antigravity\scratch\pwa-camera-poc-api\bin\Debug\net10.0\pwa-camera-poc-api.dll' because it is being used by another process. O arquivo ├® bloqueado por: "netcoredbg.exe (26032), .NET Host (105460)" [C:\Users\romulo.costa\.gemini\antigravity\scratch\pwa-camera-poc-api\pwa-camera-poc-api.csproj]
C:\Program Files\dotnet\sdk\10.0.103\Microsoft.Common.CurrentVersion.targets(4903,5): warning MSB3026: n├úo foi poss├¡vel copiar "obj\Debug\net10.0\pwa-camera-poc-api.dll" para "bin\Debug\net10.0\pwa-camera-poc-api.dll". Iniciando nova tentativa 6 em 1000ms. The process cannot access the file 'C:\Users\romulo.costa\.gemini\antigravity\scratch\pwa-camera-poc-api\bin\Debug\net10.0\pwa-camera-poc-api.dll' because it is being used by another process. O arquivo ├® bloqueado por: "netcoredbg.exe (26032), .NET Host (105460)" [C:\Users\romulo.costa\.gemini\antigravity\scratch\pwa-camera-poc-api\pwa-camera-poc-api.csproj]
C:\Program Files\dotnet\sdk\10.0.103\Microsoft.Common.CurrentVersion.targets(4903,5): warning MSB3026: n├úo foi poss├¡vel copiar "obj\Debug\net10.0\pwa-camera-poc-api.dll" para "bin\Debug\net10.0\pwa-camera-poc-api.dll". Iniciando nova tentativa 7 em 1000ms. The process cannot access the file 'C:\Users\romulo.costa\.gemini\antigravity\scratch\pwa-camera-poc-api\bin\Debug\net10.0\pwa-camera-poc-api.dll' because it is being used by another process. O arquivo ├® bloqueado por: "netcoredbg.exe (26032), .NET Host (105460)" [C:\Users\romulo.costa\.gemini\antigravity\scratch\pwa-camera-poc-api\pwa-camera-poc-api.csproj]
C:\Program Files\dotnet\sdk\10.0.103\Microsoft.Common.CurrentVersion.targets(4903,5): warning MSB3026: n├úo foi poss├¡vel copiar "obj\Debug\net10.0\pwa-camera-poc-api.dll" para "bin\Debug\net10.0\pwa-camera-poc-api.dll". Iniciando nova tentativa 8 em 1000ms. The process cannot access the file 'C:\Users\romulo.costa\.gemini\antigravity\scratch\pwa-camera-poc-api\bin\Debug\net10.0\pwa-camera-poc-api.dll' because it is being used by another process. O arquivo ├® bloqueado por: "netcoredbg.exe (26032), .NET Host (105460)" [C:\Users\romulo.costa\.gemini\antigravity\scratch\pwa-camera-poc-api\pwa-camera-poc-api.csproj]
C:\Program Files\dotnet\sdk\10.0.103\Microsoft.Common.CurrentVersion.targets(4903,5): warning MSB3026: n├úo foi poss├¡vel copiar "obj\Debug\net10.0\pwa-camera-poc-api.dll" para "bin\Debug\net10.0\pwa-camera-poc-api.dll". Iniciando nova tentativa 9 em 1000ms. The process cannot access the file 'C:\Users\romulo.costa\.gemini\antigravity\scratch\pwa-camera-poc-api\bin\Debug\net10.0\pwa-camera-poc-api.dll' because it is being used by another process. O arquivo ├® bloqueado por: "netcoredbg.exe (26032), .NET Host (105460)" [C:\Users\romulo.costa\.gemini\antigravity\scratch\pwa-camera-poc-api\pwa-camera-poc-api.csproj]
C:\Program Files\dotnet\sdk\10.0.103\Microsoft.Common.CurrentVersion.targets(4903,5): warning MSB3026: n├úo foi poss├¡vel copiar "obj\Debug\net10.0\pwa-camera-poc-api.dll" para "bin\Debug\net10.0\pwa-camera-poc-api.dll". Iniciando nova tentativa 10 em 1000ms. The process cannot access the file 'C:\Users\romulo.costa\.gemini\antigravity\scratch\pwa-camera-poc-api\bin\Debug\net10.0\pwa-camera-poc-api.dll' because it is being used by another process. O arquivo ├® bloqueado por: "netcoredbg.exe (26032), .NET Host (105460)" [C:\Users\romulo.costa\.gemini\antigravity\scratch\pwa-camera-poc-api\pwa-camera-poc-api.csproj]
C:\Program Files\dotnet\sdk\10.0.103\Microsoft.Common.CurrentVersion.targets(4903,5): error MSB3027: n├úo foi poss├¡vel copiar "obj\Debug\net10.0\pwa-camera-poc-api.dll" para "bin\Debug\net10.0\pwa-camera-poc-api.dll". N├║mero de novas tentativas 10 excedido. Falha. O arquivo ├® bloqueado por: "netcoredbg.exe (26032), .NET Host (105460)" [C:\Users\romulo.costa\.gemini\antigravity\scratch\pwa-camera-poc-api\pwa-camera-poc-api.csproj]
C:\Program Files\dotnet\sdk\10.0.103\Microsoft.Common.CurrentVersion.targets(4903,5): error MSB3021: N├úo ├® poss├¡vel copiar o arquivo "obj\Debug\net10.0\pwa-camera-poc-api.dll" para "bin\Debug\net10.0\pwa-camera-poc-api.dll". The process cannot access the file 'C:\Users\romulo.costa\.gemini\antigravity\scratch\pwa-camera-poc-api\bin\Debug\net10.0\pwa-camera-poc-api.dll' because it is being used by another process. [C:\Users\romulo.costa\.gemini\antigravity\scratch\pwa-camera-poc-api\pwa-camera-poc-api.csproj]

FALHA da compila├º├úo.

C:\Program Files\dotnet\sdk\10.0.103\Microsoft.Common.CurrentVersion.targets(4903,5): warning MSB3026: n├úo foi poss├¡vel copiar "obj\Debug\net10.0\pwa-camera-poc-api.dll" para "bin\Debug\net10.0\pwa-camera-poc-api.dll". Iniciando nova tentativa 1 em 1000ms. The process cannot access the file 'C:\Users\romulo.costa\.gemini\antigravity\scratch\pwa-camera-poc-api\bin\Debug\net10.0\pwa-camera-poc-api.dll' because it is being used by another process. O arquivo ├® bloqueado por: "netcoredbg.exe (26032), .NET Host (105460)" [C:\Users\romulo.costa\.gemini\antigravity\scratch\pwa-camera-poc-api\pwa-camera-poc-api.csproj]
C:\Program Files\dotnet\sdk\10.0.103\Microsoft.Common.CurrentVersion.targets(4903,5): warning MSB3026: n├úo foi poss├¡vel copiar "obj\Debug\net10.0\pwa-camera-poc-api.dll" para "bin\Debug\net10.0\pwa-camera-poc-api.dll". Iniciando nova tentativa 2 em 1000ms. The process cannot access the file 'C:\Users\romulo.costa\.gemini\antigravity\scratch\pwa-camera-poc-api\bin\Debug\net10.0\pwa-camera-poc-api.dll' because it is being used by another process. O arquivo ├® bloqueado por: "netcoredbg.exe (26032), .NET Host (105460)" [C:\Users\romulo.costa\.gemini\antigravity\scratch\pwa-camera-poc-api\pwa-camera-poc-api.csproj]
C:\Program Files\dotnet\sdk\10.0.103\Microsoft.Common.CurrentVersion.targets(4903,5): warning MSB3026: n├úo foi poss├¡vel copiar "obj\Debug\net10.0\pwa-camera-poc-api.dll" para "bin\Debug\net10.0\pwa-camera-poc-api.dll". Iniciando nova tentativa 3 em 1000ms. The process cannot access the file 'C:\Users\romulo.costa\.gemini\antigravity\scratch\pwa-camera-poc-api\bin\Debug\net10.0\pwa-camera-poc-api.dll' because it is being used by another process. O arquivo ├® bloqueado por: "netcoredbg.exe (26032), .NET Host (105460)" [C:\Users\romulo.costa\.gemini\antigravity\scratch\pwa-camera-poc-api\pwa-camera-poc-api.csproj]
C:\Program Files\dotnet\sdk\10.0.103\Microsoft.Common.CurrentVersion.targets(4903,5): warning MSB3026: n├úo foi poss├¡vel copiar "obj\Debug\net10.0\pwa-camera-poc-api.dll" para "bin\Debug\net10.0\pwa-camera-poc-api.dll". Iniciando nova tentativa 4 em 1000ms. The process cannot access the file 'C:\Users\romulo.costa\.gemini\antigravity\scratch\pwa-camera-poc-api\bin\Debug\net10.0\pwa-camera-poc-api.dll' because it is being used by another process. O arquivo ├® bloqueado por: "netcoredbg.exe (26032), .NET Host (105460)" [C:\Users\romulo.costa\.gemini\antigravity\scratch\pwa-camera-poc-api\pwa-camera-poc-api.csproj]
C:\Program Files\dotnet\sdk\10.0.103\Microsoft.Common.CurrentVersion.targets(4903,5): warning MSB3026: n├úo foi poss├¡vel copiar "obj\Debug\net10.0\pwa-camera-poc-api.dll" para "bin\Debug\net10.0\pwa-camera-poc-api.dll". Iniciando nova tentativa 5 em 1000ms. The process cannot access the file 'C:\Users\romulo.costa\.gemini\antigravity\scratch\pwa-camera-poc-api\bin\Debug\net10.0\pwa-camera-poc-api.dll' because it is being used by another process. O arquivo ├® bloqueado por: "netcoredbg.exe (26032), .NET Host (105460)" [C:\Users\romulo.costa\.gemini\antigravity\scratch\pwa-camera-poc-api\pwa-camera-poc-api.csproj]
C:\Program Files\dotnet\sdk\10.0.103\Microsoft.Common.CurrentVersion.targets(4903,5): warning MSB3026: n├úo foi poss├¡vel copiar "obj\Debug\net10.0\pwa-camera-poc-api.dll" para "bin\Debug\net10.0\pwa-camera-poc-api.dll". Iniciando nova tentativa 6 em 1000ms. The process cannot access the file 'C:\Users\romulo.costa\.gemini\antigravity\scratch\pwa-camera-poc-api\bin\Debug\net10.0\pwa-camera-poc-api.dll' because it is being used by another process. O arquivo ├® bloqueado por: "netcoredbg.exe (26032), .NET Host (105460)" [C:\Users\romulo.costa\.gemini\antigravity\scratch\pwa-camera-poc-api\pwa-camera-poc-api.csproj]
C:\Program Files\dotnet\sdk\10.0.103\Microsoft.Common.CurrentVersion.targets(4903,5): warning MSB3026: n├úo foi poss├¡vel copiar "obj\Debug\net10.0\pwa-camera-poc-api.dll" para "bin\Debug\net10.0\pwa-camera-poc-api.dll". Iniciando nova tentativa 7 em 1000ms. The process cannot access the file 'C:\Users\romulo.costa\.gemini\antigravity\scratch\pwa-camera-poc-api\bin\Debug\net10.0\pwa-camera-poc-api.dll' because it is being used by another process. O arquivo ├® bloqueado por: "netcoredbg.exe (26032), .NET Host (105460)" [C:\Users\romulo.costa\.gemini\antigravity\scratch\pwa-camera-poc-api\pwa-camera-poc-api.csproj]
C:\Program Files\dotnet\sdk\10.0.103\Microsoft.Common.CurrentVersion.targets(4903,5): warning MSB3026: n├úo foi poss├¡vel copiar "obj\Debug\net10.0\pwa-camera-poc-api.dll" para "bin\Debug\net10.0\pwa-camera-poc-api.dll". Iniciando nova tentativa 8 em 1000ms. The process cannot access the file 'C:\Users\romulo.costa\.gemini\antigravity\scratch\pwa-camera-poc-api\bin\Debug\net10.0\pwa-camera-poc-api.dll' because it is being used by another process. O arquivo ├® bloqueado por: "netcoredbg.exe (26032), .NET Host (105460)" [C:\Users\romulo.costa\.gemini\antigravity\scratch\pwa-camera-poc-api\pwa-camera-poc-api.csproj]
C:\Program Files\dotnet\sdk\10.0.103\Microsoft.Common.CurrentVersion.targets(4903,5): warning MSB3026: n├úo foi poss├¡vel copiar "obj\Debug\net10.0\pwa-camera-poc-api.dll" para "bin\Debug\net10.0\pwa-camera-poc-api.dll". Iniciando nova tentativa 9 em 1000ms. The process cannot access the file 'C:\Users\romulo.costa\.gemini\antigravity\scratch\pwa-camera-poc-api\bin\Debug\net10.0\pwa-camera-poc-api.dll' because it is being used by another process. O arquivo ├® bloqueado por: "netcoredbg.exe (26032), .NET Host (105460)" [C:\Users\romulo.costa\.gemini\antigravity\scratch\pwa-camera-poc-api\pwa-camera-poc-api.csproj]
C:\Program Files\dotnet\sdk\10.0.103\Microsoft.Common.CurrentVersion.targets(4903,5): warning MSB3026: n├úo foi poss├¡vel copiar "obj\Debug\net10.0\pwa-camera-poc-api.dll" para "bin\Debug\net10.0\pwa-camera-poc-api.dll". Iniciando nova tentativa 10 em 1000ms. The process cannot access the file 'C:\Users\romulo.costa\.gemini\antigravity\scratch\pwa-camera-poc-api\bin\Debug\net10.0\pwa-camera-poc-api.dll' because it is being used by another process. O arquivo ├® bloqueado por: "netcoredbg.exe (26032), .NET Host (105460)" [C:\Users\romulo.costa\.gemini\antigravity\scratch\pwa-camera-poc-api\pwa-camera-poc-api.csproj]
C:\Program Files\dotnet\sdk\10.0.103\Microsoft.Common.CurrentVersion.targets(4903,5): error MSB3027: n├úo foi poss├¡vel copiar "obj\Debug\net10.0\pwa-camera-poc-api.dll" para "bin\Debug\net10.0\pwa-camera-poc-api.dll". N├║mero de novas tentativas 10 excedido. Falha. O arquivo ├® bloqueado por: "netcoredbg.exe (26032), .NET Host (105460)" [C:\Users\romulo.costa\.gemini\antigravity\scratch\pwa-camera-poc-api\pwa-camera-poc-api.csproj]
C:\Program Files\dotnet\sdk\10.0.103\Microsoft.Common.CurrentVersion.targets(4903,5): error MSB3021: N├úo ├® poss├¡vel copiar o arquivo "obj\Debug\net10.0\pwa-camera-poc-api.dll" para "bin\Debug\net10.0\pwa-camera-poc-api.dll". The process cannot access the file 'C:\Users\romulo.costa\.gemini\antigravity\scratch\pwa-camera-poc-api\bin\Debug\net10.0\pwa-camera-poc-api.dll' because it is being used by another process. [C:\Users\romulo.costa\.gemini\antigravity\scratch\pwa-camera-poc-api\pwa-camera-poc-api.csproj]
    10 Aviso(s)
    2 Erro(s)

Tempo Decorrido 00:00:14.01
